// Jest Snapshot v1, https://goo.gl/fbAQLP

exports[`Tag should be rendered correctly 1`] = `
<button
  className="container uui-button-box uui-enabled root tag-color size-36 root"
  href={null}
  onClick={[Function]}
  role="button"
  tabIndex={-1}
/>
`;

exports[`Tag should be rendered correctly with props 1`] = `
<button
  className="container uui-button-box uui-enabled -clickable root tag-color size-36 root"
  href={null}
  onClick={[Function]}
  role="button"
  tabIndex={0}
>
  <div
    className="container uui-icon uui-enabled -clickable"
    onClick={[Function]}
    style={Object {}}
  >
    <SvgrURL
      className=""
    />
  </div>
  <div
    className="uui-count"
  >
    12
  </div>
  <div
    className="uui-caption"
  >
    Test badge
  </div>
  <div
    className="container uui-icon uui-enabled -clickable -clickable"
    onClick={[Function]}
    style={Object {}}
  >
    <SvgrURL
      className=""
    />
  </div>
</button>
`;
