// Jest Snapshot v1, https://goo.gl/fbAQLP

exports[`BurgerSearch should be rendered correctly 1`] = `
<div
  className="container uui-input-box -clickable searchInput"
  onBlur={[Function]}
  onFocus={[Function]}
  tabIndex={-1}
>
  <div
    className="container uui-icon uui-enabled"
    style={Object {}}
  >
    <SvgrURL
      className=""
    />
  </div>
  <input
    autoFocus={true}
    className="uui-input"
    onChange={[Function]}
    onKeyDown={[Function]}
    type="text"
    value=""
  />
</div>
`;

exports[`BurgerSearch should be rendered correctly 2`] = `
<div
  className="container uui-input-box -clickable searchInput"
  onBlur={[Function]}
  onFocus={[Function]}
  tabIndex={-1}
>
  <div
    className="container uui-icon uui-enabled"
    style={Object {}}
  >
    <SvgrURL
      className=""
    />
  </div>
  <input
    autoFocus={true}
    className="uui-input"
    onChange={[Function]}
    onKeyDown={[Function]}
    type="text"
    value=""
  />
</div>
`;
