// Jest Snapshot v1, https://goo.gl/fbAQLP

exports[`Button should be rendered correctly 1`] = `
<button
  className="container uui-button-box uui-enabled root size-36 color-sky fill-solid style-square"
  href={null}
  onClick={[Function]}
  role="button"
  tabIndex={-1}
/>
`;

exports[`Button should be rendered correctly with props 1`] = `
<button
  aria-disabled={false}
  className="container uui-button-box uui-enabled -clickable root size-36 color-sun fill-white style-square"
  href={null}
  onClick={[Function]}
  role="button"
  tabIndex={0}
>
  <div
    className="uui-count"
  >
    10
  </div>
  <div
    className="uui-caption line-height-18 font-size-14 v-padding-8"
  >
    Click me
  </div>
  <div
    className="container uui-icon uui-enabled"
    style={Object {}}
  >
    <SvgrURL
      className=""
    />
  </div>
  <div
    className="container uui-icon uui-enabled"
    style={Object {}}
  >
    <SvgrURL
      className="flipY"
    />
  </div>
  <div
    className="container uui-icon uui-enabled -clickable -clickable"
    onClick={[MockFunction]}
    style={Object {}}
  >
    <SvgrURL
      className=""
    />
  </div>
</button>
`;
