// Jest Snapshot v1, https://goo.gl/fbAQLP

exports[`MainMenuSearch should be rendered correctly 1`] = `
<div
  className="container uui-input-box -clickable searchInput"
  onBlur={[Function]}
  onFocus={[Function]}
  tabIndex={-1}
>
  <div
    className="container uui-icon uui-enabled"
    style={Object {}}
  >
    <svg
      className=""
    />
  </div>
  <input
    className="uui-input"
    onChange={[Function]}
    onKeyDown={[Function]}
    type="text"
    value=""
  />
</div>
`;

exports[`MainMenuSearch should be rendered correctly 2`] = `
<div
  className="container uui-input-box -clickable searchInput"
  onBlur={[Function]}
  onFocus={[Function]}
  tabIndex={-1}
>
  <div
    className="container uui-icon uui-enabled"
    style={Object {}}
  >
    <svg
      className=""
    />
  </div>
  <input
    className="uui-input"
    onChange={[Function]}
    onKeyDown={[Function]}
    type="primary"
    value="test"
  />
</div>
`;
