// Jest Snapshot v1, https://goo.gl/fbAQLP

exports[`DropdownMenu should be rendered DropdownMenuBody correctly 1`] = `
Array [
  <div
    data-focus-guard={true}
    style={
      Object {
        "height": "0px",
        "left": "1px",
        "overflow": "hidden",
        "padding": 0,
        "position": "fixed",
        "top": "1px",
        "width": "1px",
      }
    }
    tabIndex={0}
  />,
  <div
    data-focus-guard={true}
    style={
      Object {
        "height": "0px",
        "left": "1px",
        "overflow": "hidden",
        "padding": 0,
        "position": "fixed",
        "top": "1px",
        "width": "1px",
      }
    }
    tabIndex={1}
  />,
  <menu
    className="menuRoot"
    data-focus-lock-disabled={false}
    onBlur={[Function]}
    onFocus={[Function]}
    onKeyDown={[Function]}
    tabIndex={-1}
  >
    <div
      className="container uui-dropdown-body bodyRoot -lock-focus container"
      style={
        Object {
          "maxWidth": "250px",
          "minHeight": undefined,
          "minWidth": undefined,
        }
      }
      tabIndex={-1}
    >
      <div
        className="itemRoot container -clickable align-items-center"
        onClick={[Function]}
        onKeyDown={[Function]}
        role="menuitem"
        tabIndex={0}
      >
        <div
          className="caption container"
        >
          Menu Item in Submenu
        </div>
      </div>
      <div
        className="splitterRoot"
      >
        <hr
          className="splitter"
        />
      </div>
      <div
        className="headerRoot"
      >
        <span
          className="header"
        >
          An example of DropdownMenuHeader
        </span>
      </div>
      <div
        className="submenuRootItem itemRoot container -clickable align-items-center"
        onClick={[Function]}
        onKeyDown={[Function]}
        role="menuitem"
        tabIndex={0}
      >
        <div
          className="caption container"
        >
          One More SubMenu
        </div>
        <div
          className="flexSpacer"
        />
        <div
          className="container uui-icon uui-enabled icon iconAfter"
          style={Object {}}
        >
          <svg
            className=""
          />
        </div>
      </div>
    </div>
  </menu>,
  <div
    data-focus-guard={true}
    style={
      Object {
        "height": "0px",
        "left": "1px",
        "overflow": "hidden",
        "padding": 0,
        "position": "fixed",
        "top": "1px",
        "width": "1px",
      }
    }
    tabIndex={0}
  />,
]
`;
