// Jest Snapshot v1, https://goo.gl/fbAQLP

exports[`SnackbarCard should be rendered correctly 1`] = `
<div
  className="snackbar"
>
  <div
    className="danger iconContainer"
  >
    <div
      className="container uui-icon uui-enabled actionIcon"
      style={Object {}}
    >
      <SvgrURL
        className=""
      />
    </div>
  </div>
  <div
    className="mainPath"
  >
    <div
      className="content"
    />
    <button
      className="container uui-button-box uui-enabled -clickable root color-night600 closeIcon"
      href={null}
      onClick={[Function]}
      role="button"
      tabIndex={0}
    >
      <div
        className="container uui-icon uui-enabled"
        style={Object {}}
      >
        <SvgrURL
          className=""
        />
      </div>
    </button>
  </div>
</div>
`;
